<html>
<body>
    <h1>Hello</h1>
    <div id="comp"><span id="centered">
        <div style="text-align: center">component value</div>
    </span></div>
</body>
</html>